// Jest Snapshot v1, https://goo.gl/fbAQLP

exports[`Conversion of slate to newsdoc should convert newsdoc to slate 1`] = `
Array [
  Object {
    "children": Array [
      Object {
        "text": "10|000 liter mjölk läckte vid E6",
      },
    ],
    "class": "text",
    "id": "NzUsMjQ2LDIwOCwxNTE",
    "properties": Object {
      "type": "h1",
    },
    "type": "core/text",
  },
  Object {
    "children": Array [
      Object {
        "children": Array [
          Object {
            "text": "",
          },
        ],
        "type": "core/image/image",
      },
      Object {
        "children": Array [
          Object {
            "text": "En stor mängd mjölk spilldes över vägbanan i samband med en olycka i Falkenberg. Arkivbild.",
          },
        ],
        "type": "core/image/altText",
      },
      Object {
        "children": Array [
          Object {
            "text": "En stor mängd mjölk spilldes över vägbanan i samband med en olycka i Falkenberg. Arkivbild.",
          },
        ],
        "type": "core/image/text",
      },
    ],
    "class": "block",
    "id": "MTY5LDIxMCwxMDAsMTQw",
    "properties": Object {
      "altText": "En stor mängd mjölk spilldes över vägbanan i samband med en olycka i Falkenberg. Arkivbild.",
      "credit": "John Doe/TT",
      "height": "642",
      "hiresScale": "5.4541015625",
      "rel": "self",
      "src": "https://example.com/media/image/abc.jpg",
      "text": "En stor mängd mjölk spilldes över vägbanan i samband med en olycka i Falkenberg. Arkivbild.",
      "type": "tt/picture",
      "uri": "http://example.com/media/image/abc",
      "width": "1024",
    },
    "type": "core/image",
  },
  Object {
    "children": Array [
      Object {
        "text": "Trafik",
      },
    ],
    "class": "text",
    "id": "pagedateline-5b8149a71b05cef3c73af71ca95c555d",
    "properties": Object {
      "type": "dateline",
    },
    "type": "core/text",
  },
  Object {
    "children": Array [
      Object {
        "text": "Omkring 10|000 liter mjölk läckte ut på vägbanan när en tankbil välte på en avfart från E6 i Falkenberg natten till onsdag, rapporterar ",
      },
      Object {
        "children": Array [
          Object {
            "text": "Göteborgs-Posten",
          },
        ],
        "class": "inline",
        "id": "link-8f370161883287209b20750f478c18f1",
        "properties": Object {
          "target": "_blank",
          "title": "https://www.example.com./newss/article",
          "url": "https://www.example.com./newss/article",
        },
        "type": "core/link",
      },
      Object {
        "text": ".",
      },
    ],
    "class": "text",
    "id": "MjEwLDQyLDI3LDgy",
    "type": "core/text",
  },
  Object {
    "children": Array [
      Object {
        "text": "– Det är många mjölkpaket, säger Peter Karlborg, inre befäl vid räddningstjänsten, till tidningen.",
      },
    ],
    "class": "text",
    "id": "paragraph-2befcb2ca02cfac9c727d822dffd82de",
    "type": "core/text",
  },
  Object {
    "children": Array [
      Object {
        "text": "Föraren skadades inte i olyckan. Avfarten stängdes av i norrgående riktning medan olyckan hanterades. Den spillda mjölken krävde ingen åtgärd.",
      },
    ],
    "class": "text",
    "id": "paragraph-2fc0a7eb7900fce72fa3a78bf04e38d8",
    "type": "core/text",
  },
  Object {
    "children": Array [
      Object {
        "text": "– Det är ingen tjäle nu och det finns inga vattendrag i närheten, så mjölken går ner i marken bara, säger Karlborg.",
      },
    ],
    "class": "text",
    "id": "paragraph-03db0ec2a20e8b4c06a3757518d2e506",
    "type": "core/text",
  },
]
`;
